<meow nya>
<meow hiss>
<meow scram>
<meow seed>
<meow gag>
<meow is_furball>
<meow len>
<meow head>
<meow tail>
<meow append>
<meow lick>
<meow picky>
<meow curl>
<meow to_int>
<meow to_float>
<meow to_string>
<meow to_bytes>
<meow to_runes>
<meow whiff>
<meow track>
<meow shred>
<meow tangle>
<meow nibble>
<meow upper>
<meow lower>
<meow trim>
<meow replace>
<meow pad>
<meow sort>
<meow reverse>
<meow round>
