  PASS: test_gag_catches_error
  PASS: test_gag_returns_value
  PASS: test_is_furball_on_normal_values
  PASS: test_error_recovery_with_literal
  PASS: test_error_recovery_no_error
  PASS: test_error_recovery_with_handler
  PASS: test_error_recovery_handler_no_error
  PASS: test_chained_error_recovery
  PASS: test_divide_by_one
  PASS: test_risky_chain_zero
  PASS: test_risky_chain_positive_values
  PASS: test_divide_error_is_furball
  PASS: test_risky_chain_negative_is_furball
  PASS: test_divide_error_message
  PASS: test_risky_chain_error_message

All 15 tests passed, nya~!
